// Jest Snapshot v1, https://goo.gl/fbAQLP

exports[`MaskedInput matches snapshot 1`] = `
<MaskedInput
  label="NHS Number"
  mask="999 999 9999"
  type="text"
>
  <FormGroup
    inputType="input"
    label="NHS Number"
    mask="999 999 9999"
    type="text"
  >
    <div
      className="nhsuk-form-group"
    >
      <Label
        htmlFor="input_x82ib"
        id="input_x82ib--label"
      >
        <BaseLabel
          htmlFor="input_x82ib"
          id="input_x82ib--label"
        >
          <label
            className="nhsuk-label"
            htmlFor="input_x82ib"
            id="input_x82ib--label"
          >
            NHS Number
          </label>
        </BaseLabel>
      </Label>
      <InputElement
        aria-labelledby="input_x82ib--label"
        className="nhsuk-input"
        id="input_x82ib"
        mask="999 999 9999"
        name="input_x82ib"
        type="text"
      >
        <input
          aria-labelledby="input_x82ib--label"
          className="nhsuk-input"
          id="input_x82ib"
          name="input_x82ib"
          onBlur={[Function]}
          onChange={[Function]}
          onFocus={[Function]}
          onMouseDown={[Function]}
          onPaste={[Function]}
          type="text"
        />
      </InputElement>
    </div>
  </FormGroup>
</MaskedInput>
`;
